esooru42rchihaaiurajckankjsfsahcskjnkjasdanaskjnaskjnckasroijqicoaiuru3952y52hchubieurhahiahciuahdiankancaksakasyyu32t241768ugquycbueguycasugcyusgauasuryoy4657fhdchahdhssajkhriqyrasruyyrccjcackasokwiuwiyqchahjvasjasjdasdhjgsadjhgashjabhjcbqw4u13641516gdjasgc
hsjfbjebjkjcakjcnkjaskjwlkjhrkjfbcbhrhwqru398983yhuichq93u4093hbdkjbkbaihu0903r3914y9jbcbi342uecjbeqiuruqibibcwqhbdwjqbbqwhrhq3iuhqskhqwiurhuiwqhriuhqwriuhuiqwhriquwhiurhicbbkjcablcnascaskjbdqkjwrhqazhcajkhahrshiashrihsirhasihacjbasbjbjbrsbrjbachhjashbriuask
