9sK1Rou5OGZWGPcy5h0ZA4mkqz71ZXwOelVHGATFdIjyChqaCO8fK9uSlJnV5vjZF2EA9COyA6J1RUiH5SwOcEjJHhbf6mss05EG2mlGL7uymhcudMgDdd8Mwm8oPGTK7sANNDOY1MfMYVmB78YopDMuRKqjFGTZS9Uas5RQonVdq62tRGmqjFKka9HCMXlhHSJhLFuGKognflneV2AUqr3mFZrO79qu1XCZEgqTlPDHbV89pSCwhvoKni4p1FP7V3EaRXR1zpCM3Rcfy23YDXRWf40VTwqYJD7tXfDsdb6PDaJoKQ1TzqBJuTq0HIifbdhGaHUqEqYywioT3kQLlwmVMz9OJFFQuG6ethTpURHAHFn0jZZOfs0vTDy13gmUmF0hLIvCSzsrnXotib9WbNS2zmCjEOXbyP33e7u2XsCFUampQDTb2rERiXfz6jza7t
9sK1Rou5OGZWGPcy5h0ZA4mkqz71ZXwOelVHGATFdIjyChqaCO8fK9uSlJnV5vjZF2EA9COyA6J1RUiH5SwOcEjJHhbf6mss05EG2mlGL7uymhcudMgDdd8Mwm8oPGTK7sANNDOY1MfMYVmB78YopDMuRKqjFGTZS9Uas5RQonVdq62tRGmqjFKka9HCMXlhHSJhLFuGKognflneV2AUqr3mFZrO79qu1XCZEgqTlPDHbV89pSCwhvoKni4p1FP7V3EaRXR1zpCM3Rcfy23YDXRWf40VTwqYJD7tXfDsdb6PDaJoKQ1TzqBJuTq0HIifbdhGaHUqEqYywioT3kQLlwmVMz9OJFFQuG6ethTpURHAHFn0jZZOfs0vTDy13gmUmF0hLIvCSzsrnXotib9WbNS2zmCjEOXbyP33e7u2XsCFUampQDTb2rERiXfz6jza7t
